<html>
<body>
<pre>
<h1>礦ision Build Log</h1>
<h2>Project:</h2>
C:\Users\evk\Desktop\test\中景园电子0.96OLED显示屏_STM32F103ZET6_IIC_V1.0\中景园电子0.96OLED显示屏_STM32F103RC_IIC_V1.0\USER\OLED.uvproj
Project File Date:  03/23/2016

<h2>Output:</h2>
Rebuild target 'Target 1'
compiling main.c...
..\HARDWARE\OLED\oled.h(68): warning:  #1295-D: Deprecated declaration Picture - give arg types
  void Picture();
..\HARDWARE\OLED\oled.h(69): warning:  #1295-D: Deprecated declaration IIC_Start - give arg types
  void IIC_Start();
..\HARDWARE\OLED\oled.h(70): warning:  #1295-D: Deprecated declaration IIC_Stop - give arg types
  void IIC_Stop();
..\HARDWARE\OLED\oled.h(75): warning:  #1295-D: Deprecated declaration IIC_Wait_Ack - give arg types
  void IIC_Wait_Ack();
..\HARDWARE\OLED\oled.h(77): warning:  #1-D: last line of file ends without a newline
         
main.c(82): warning:  #1-D: last line of file ends without a newline
        
main.c: 6 warnings, 0 errors
compiling stm32f10x_it.c...
compiling system_stm32f10x.c...
compiling oled.c...
..\HARDWARE\OLED\oled.h(68): warning:  #1295-D: Deprecated declaration Picture - give arg types
  void Picture();
..\HARDWARE\OLED\oled.h(69): warning:  #1295-D: Deprecated declaration IIC_Start - give arg types
  void IIC_Start();
..\HARDWARE\OLED\oled.h(70): warning:  #1295-D: Deprecated declaration IIC_Stop - give arg types
  void IIC_Stop();
..\HARDWARE\OLED\oled.h(75): warning:  #1295-D: Deprecated declaration IIC_Wait_Ack - give arg types
  void IIC_Wait_Ack();
..\HARDWARE\OLED\oled.h(77): warning:  #1-D: last line of file ends without a newline
         
..\HARDWARE\OLED\oled.c: 5 warnings, 0 errors
compiling delay.c...
compiling sys.c...
compiling usart.c...
compiling core_cm3.c...
assembling startup_stm32f10x_hd.s...
compiling misc.c...
compiling stm32f10x_gpio.c...
compiling stm32f10x_rcc.c...
compiling stm32f10x_usart.c...
linking...
Program Size: Code=6448 RO-data=2408 RW-data=1972 ZI-data=1836  
FromELF: creating hex file...
"..\OBJ\OLED.axf" - 0 Error(s), 11 Warning(s).
Load "..\\OBJ\\OLED.axf" 
Set JLink Project File to "C:\Users\evk\Desktop\test\中景园电子0.96OLED显示屏_STM32F103ZET6_IIC_V1.0\中景园电子0.96OLED显示屏_STM32F103RC_IIC_V1.0\USER\JLinkSettings.ini"
* JLink Info: Device "STM32F103RC" selected (256 KB flash, 48 KB RAM).
 
JLink info:
------------
DLL: V4.76d, compiled Sep 13 2013 16:35:06
Firmware: J-Link ARM V8 compiled Nov 25 2013 19:20:08
Hardware: V8.00
S/N : 17935099 
Feature(s) : RDI,FlashDL,FlashBP,JFlash 
 
* JLink Info: TotalIRLen = 9, IRPrint = 0x0011
* JLink Info: TotalIRLen = 9, IRPrint = 0x0011
* JLink Info: Found Cortex-M3 r1p1, Little endian.
* JLink Info: FPUnit: 6 code (BP) slots and 2 literal slots
* JLink Info: TPIU fitted.
* JLink Info: ETM fitted.
ROMTableAddr = 0xE00FF003
* JLink Info: Found Cortex-M3 r1p1, Little endian.
 
Target info:
------------
Device: STM32F103RC
VTarget = 3.287V
State of Pins: 
TCK: 1, TDI: 0, TDO: 1, TMS: 0, TRES: 1, TRST: 1
Hardware-Breakpoints: 0
Software-Breakpoints: 8192
Watchpoints:          0
JTAG speed: 2000 kHz
 
Erase Done.
Programming Done.
Verify OK.
</pre>
</body>
</html>
