<html>
<body>
<pre>
<h1>礦ision Build Log</h1>
<h2>Project:</h2>
C:\Users\evk\Desktop\中景园电子0.96OLED显示屏_STM32F103C8_IIC_V1.0\中景园电子0.96OLED显示屏_STM32F103C8_IIC_V1.0\USER\OLED.uvproj
Project File Date:  12/03/2015

<h2>Output:</h2>
Rebuild target 'Target 1'
compiling main.c...
..\HARDWARE\OLED\oled.h(65): warning:  #1295-D: Deprecated declaration Picture - give arg types
  void Picture();
..\HARDWARE\OLED\oled.h(66): warning:  #1295-D: Deprecated declaration IIC_Start - give arg types
  void IIC_Start();
..\HARDWARE\OLED\oled.h(67): warning:  #1295-D: Deprecated declaration IIC_Stop - give arg types
  void IIC_Stop();
..\HARDWARE\OLED\oled.h(72): warning:  #1295-D: Deprecated declaration IIC_Wait_Ack - give arg types
  void IIC_Wait_Ack();
main.c(81): warning:  #1-D: last line of file ends without a newline
        
main.c: 5 warnings, 0 errors
compiling stm32f10x_it.c...
compiling system_stm32f10x.c...
compiling oled.c...
..\HARDWARE\OLED\oled.h(65): warning:  #1295-D: Deprecated declaration Picture - give arg types
  void Picture();
..\HARDWARE\OLED\oled.h(66): warning:  #1295-D: Deprecated declaration IIC_Start - give arg types
  void IIC_Start();
..\HARDWARE\OLED\oled.h(67): warning:  #1295-D: Deprecated declaration IIC_Stop - give arg types
  void IIC_Stop();
..\HARDWARE\OLED\oled.h(72): warning:  #1295-D: Deprecated declaration IIC_Wait_Ack - give arg types
  void IIC_Wait_Ack();
..\HARDWARE\OLED\oled.c: 4 warnings, 0 errors
compiling delay.c...
compiling sys.c...
compiling usart.c...
compiling core_cm3.c...
assembling startup_stm32f10x_hd.s...
compiling misc.c...
compiling stm32f10x_gpio.c...
compiling stm32f10x_rcc.c...
compiling stm32f10x_usart.c...
linking...
Program Size: Code=6376 RO-data=2408 RW-data=1972 ZI-data=1836  
FromELF: creating hex file...
"..\OBJ\OLED.axf" - 0 Error(s), 9 Warning(s).
</pre>
</body>
</html>
