<html>
<body>
<pre>
<h1>礦ision Build Log</h1>
<h2>Tool Versions:</h2>
IDE-Version: μVision V5.14.0.0
Copyright (C) 2015 ARM Ltd and ARM Germany GmbH. All rights reserved.
License Information: qqq qq, qq, LIC=AK1BS-L7U0V-WKHB8-32MSD-8SH41-84YPN
 
Tool Versions:
Toolchain:       MDK-ARM Professional  Version: 5.14.0.0
Toolchain Path:  E:\Keil_v5\ARM\ARMCC\Bin
C Compiler:      Armcc.exe V5.05 update 1 (build 106)
Assembler:       Armasm.exe V5.05 update 1 (build 106)
Linker/Locator:  ArmLink.exe V5.05 update 1 (build 106)
Library Manager: ArmAr.exe V5.05 update 1 (build 106)
Hex Converter:   FromElf.exe V5.05 update 1 (build 106)
CPU DLL:         SARMCM3.DLL V5.14.0.0
Dialog DLL:      DCM.DLL V1.13.1.0
Target DLL:      STLink\ST-LINKIII-KEIL_SWO.dll V2.0.6.0_KEIL
Dialog DLL:      TCM.DLL V1.14.4.0
 
<h2>Project:</h2>
D:\科研与竞赛\【2019】ds-control-Inverted Pendulum\倒立摆【Hal】\Hal_daolibai_【ADC+按键中断+时基定时器+编码器+电机驱动+内环PID+SPI显示屏】（C8）\MDK-ARM\Hal_daolibai_ADC.uvprojx
Project File Date:  07/12/2019

<h2>Output:</h2>
Build target 'Hal_daolibai_ADC'
compiling timer.c...
..\BSP\TIMER\timer.c(14): warning:  #223-D: function "Get_Adc_Average" declared implicitly
                Angle_Balance=Get_Adc_Average(3,15);               //===更新姿态                        
..\BSP\TIMER\timer.c: 1 warning, 0 errors
compiling oled.c...
compiling show.c...
compiling main.c...
linking...
Program Size: Code=10132 RO-data=2952 RW-data=44 ZI-data=2412  
FromELF: creating hex file...
"Hal_daolibai_ADC\Hal_daolibai_ADC.axf" - 0 Error(s), 1 Warning(s).

<h2>Software Packages used:</h2>

Package Vendor: ARM
                http://www.keil.com/pack/ARM.CMSIS.4.2.0.pack
                ARM::CMSIS:CORE:3.40.0
                CMSIS (Cortex Microcontroller Software Interface Standard)
   * Component: CORE Version: 3.40.0

<h2>Collection of Component include folders:</h2>
  D:\科研与竞赛\【2019】ds-control-Inverted Pendulum\倒立摆【Hal】\Hal_daolibai_【ADC+按键中断+时基定时器+编码器+电机驱动+内环PID+SPI显示屏】（C8）\MDK-ARM\RTE
  E:\Keil_v5\ARM\PACK\ARM\CMSIS\4.2.0\CMSIS\Include
  E:\Keil_v5\ARM\PACK\Keil\STM32F1xx_DFP\1.0.5\Device\Include

<h2>Collection of Component Files used:</h2>

   * Component: ARM::CMSIS:CORE:3.40.0
      Source file:   CMSIS\UserCodeTemplates\ARM\ITM_Retarget.c
</pre>
</body>
</html>
