<html>
<body>
<pre>
<h1>µVision Build Log</h1>
<h2>Project:</h2>
G:\home0209\ÎÈ¶¨µÄµ÷ÊÔ\920 home -215\Project\STM32F10x_StdPeriph_Template\MDK-ARM\Project.uvproj
Project File Date:  02/16/2015

<h2>Output:</h2>
Build target 'STM32F103C8'
compiling main.c...
compiling oled.c...
compiling MPU6050.c...
compiling adc.c...
compiling filter.c...
compiling show.c...
compiling MiniBalance.c...
..\..\..\drivers\MiniBalance\MiniBalance.c(18): warning:  #177-D: variable "Count_Test" was declared but never referenced
..\..\..\drivers\MiniBalance\MiniBalance.c(171): warning: C4017W: Encoder_L may be used before being set
linking...
Program Size: Code=22600 RO-data=6464 RW-data=388 ZI-data=2276  
FromELF: creating hex file...
".\STM32100E-EVAL\STM32100E-EVAL.axf" - 0 Errors, 2 Warning(s).
Build target 'STM32F103C8'
compiling MiniBalance.c...
..\..\..\drivers\MiniBalance\MiniBalance.c(18): warning:  #177-D: variable "Count_Test" was declared but never referenced
..\..\..\drivers\MiniBalance\MiniBalance.c(171): warning: C4017W: Encoder_L may be used before being set
linking...
Program Size: Code=22608 RO-data=6464 RW-data=388 ZI-data=2276  
FromELF: creating hex file...
".\STM32100E-EVAL\STM32100E-EVAL.axf" - 0 Errors, 2 Warning(s).
Build target 'STM32F103C8'
compiling MiniBalance.c...
..\..\..\drivers\MiniBalance\MiniBalance.c(18): warning:  #177-D: variable "Count_Test" was declared but never referenced
..\..\..\drivers\MiniBalance\MiniBalance.c(171): warning: C4017W: Encoder_L may be used before being set
linking...
Program Size: Code=22608 RO-data=6464 RW-data=388 ZI-data=2276  
FromELF: creating hex file...
".\STM32100E-EVAL\STM32100E-EVAL.axf" - 0 Errors, 2 Warning(s).
Build target 'STM32F103C8'
linking...
Program Size: Code=22608 RO-data=6464 RW-data=388 ZI-data=2276  
FromELF: creating hex file...
".\STM32100E-EVAL\STM32100E-EVAL.axf" - 0 Errors, 0 Warning(s).
Build target 'STM32F103C8'
compiling MiniBalance.c...
..\..\..\drivers\MiniBalance\MiniBalance.c(18): warning:  #177-D: variable "Count_Test" was declared but never referenced
..\..\..\drivers\MiniBalance\MiniBalance.c(171): warning: C4017W: Encoder_L may be used before being set
linking...
Program Size: Code=22608 RO-data=6464 RW-data=388 ZI-data=2276  
FromELF: creating hex file...
".\STM32100E-EVAL\STM32100E-EVAL.axf" - 0 Errors, 2 Warning(s).
Build target 'STM32F103C8'
compiling MiniBalance.c...
..\..\..\drivers\MiniBalance\MiniBalance.c(18): warning:  #177-D: variable "Count_Test" was declared but never referenced
..\..\..\drivers\MiniBalance\MiniBalance.c(171): warning: C4017W: Encoder_L may be used before being set
linking...
Program Size: Code=22588 RO-data=6460 RW-data=388 ZI-data=2276  
FromELF: creating hex file...
".\STM32100E-EVAL\STM32100E-EVAL.axf" - 0 Errors, 2 Warning(s).
Build target 'STM32F103C8'
compiling main.c...
linking...
Program Size: Code=22588 RO-data=6460 RW-data=388 ZI-data=2276  
FromELF: creating hex file...
".\STM32100E-EVAL\STM32100E-EVAL.axf" - 0 Errors, 0 Warning(s).
Build target 'STM32F103C8'
linking...
Program Size: Code=22588 RO-data=6460 RW-data=388 ZI-data=2276  
FromELF: creating hex file...
".\STM32100E-EVAL\STM32100E-EVAL.axf" - 0 Errors, 0 Warning(s).
Build target 'STM32F103C8'
compiling show.c...
linking...
Program Size: Code=22588 RO-data=6460 RW-data=388 ZI-data=2276  
FromELF: creating hex file...
".\STM32100E-EVAL\STM32100E-EVAL.axf" - 0 Errors, 0 Warning(s).
Build target 'STM32F103C8'
linking...
Program Size: Code=22588 RO-data=6460 RW-data=388 ZI-data=2276  
FromELF: creating hex file...
".\STM32100E-EVAL\STM32100E-EVAL.axf" - 0 Errors, 0 Warning(s).
Rebuild target 'STM32F103C8'
compiling stm32f10x_it.c...
compiling main.c...
compiling stm32f10x_rcc.c...
compiling stm32f10x_gpio.c...
compiling misc.c...
compiling stm32f10x_usart.c...
compiling stm32f10x_exti.c...
compiling core_cm3.c...
compiling system_stm32f10x.c...
assembling startup_stm32f10x_hd_vl.s...
compiling usart1.c...
compiling delay.c...
compiling inv_mpu.c...
compiling inv_mpu_dmp_motion_driver.c...
compiling IOI2C.c...
compiling oled.c...
compiling timer.c...
..\..\..\drivers\TIMER\timer.c(265): warning:  #177-D: variable "IPRADDR" was declared but never referenced
compiling MPU6050.c...
compiling usart3.c...
compiling key.c...
compiling adc.c...
compiling filter.c...
compiling DataScope_DP.C...
..\..\..\drivers\DataScope_DP\DataScope_DP.C(66): warning:  #111-D: statement is unreachable
..\..\..\drivers\DataScope_DP\DataScope_DP.C(67): warning:  #111-D: statement is unreachable
..\..\..\drivers\DataScope_DP\DataScope_DP.C(68): warning:  #111-D: statement is unreachable
..\..\..\drivers\DataScope_DP\DataScope_DP.C(69): warning:  #111-D: statement is unreachable
..\..\..\drivers\DataScope_DP\DataScope_DP.C(70): warning:  #111-D: statement is unreachable
..\..\..\drivers\DataScope_DP\DataScope_DP.C(71): warning:  #111-D: statement is unreachable
..\..\..\drivers\DataScope_DP\DataScope_DP.C(72): warning:  #111-D: statement is unreachable
..\..\..\drivers\DataScope_DP\DataScope_DP.C(73): warning:  #111-D: statement is unreachable
..\..\..\drivers\DataScope_DP\DataScope_DP.C(74): warning:  #111-D: statement is unreachable
..\..\..\drivers\DataScope_DP\DataScope_DP.C(75): warning:  #111-D: statement is unreachable
compiling show.c...
compiling led.c...
compiling MiniBalance.c...
..\..\..\drivers\MiniBalance\MiniBalance.c(18): warning:  #177-D: variable "Count_Test" was declared but never referenced
..\..\..\drivers\MiniBalance\MiniBalance.c(171): warning: C4017W: Encoder_L may be used before being set
linking...
Program Size: Code=22588 RO-data=6460 RW-data=388 ZI-data=2276  
FromELF: creating hex file...
".\STM32100E-EVAL\STM32100E-EVAL.axf" - 0 Errors, 13 Warning(s).
Build target 'STM32F103C8'
compiling stm32f10x_it.c...
compiling main.c...
compiling stm32f10x_rcc.c...
compiling stm32f10x_gpio.c...
compiling misc.c...
compiling stm32f10x_usart.c...
compiling stm32f10x_exti.c...
compiling core_cm3.c...
compiling system_stm32f10x.c...
assembling startup_stm32f10x_hd_vl.s...
compiling usart1.c...
compiling delay.c...
compiling inv_mpu.c...
compiling inv_mpu_dmp_motion_driver.c...
compiling IOI2C.c...
compiling oled.c...
compiling timer.c...
..\..\..\drivers\TIMER\timer.c(265): warning:  #177-D: variable "IPRADDR" was declared but never referenced
compiling MPU6050.c...
compiling usart3.c...
compiling key.c...
compiling adc.c...
compiling filter.c...
compiling DataScope_DP.C...
..\..\..\drivers\DataScope_DP\DataScope_DP.C(66): warning:  #111-D: statement is unreachable
..\..\..\drivers\DataScope_DP\DataScope_DP.C(67): warning:  #111-D: statement is unreachable
..\..\..\drivers\DataScope_DP\DataScope_DP.C(68): warning:  #111-D: statement is unreachable
..\..\..\drivers\DataScope_DP\DataScope_DP.C(69): warning:  #111-D: statement is unreachable
..\..\..\drivers\DataScope_DP\DataScope_DP.C(70): warning:  #111-D: statement is unreachable
..\..\..\drivers\DataScope_DP\DataScope_DP.C(71): warning:  #111-D: statement is unreachable
..\..\..\drivers\DataScope_DP\DataScope_DP.C(72): warning:  #111-D: statement is unreachable
..\..\..\drivers\DataScope_DP\DataScope_DP.C(73): warning:  #111-D: statement is unreachable
..\..\..\drivers\DataScope_DP\DataScope_DP.C(74): warning:  #111-D: statement is unreachable
..\..\..\drivers\DataScope_DP\DataScope_DP.C(75): warning:  #111-D: statement is unreachable
compiling show.c...
compiling led.c...
compiling MiniBalance.c...
..\..\..\drivers\MiniBalance\MiniBalance.c(18): warning:  #177-D: variable "Count_Test" was declared but never referenced
..\..\..\drivers\MiniBalance\MiniBalance.c(171): warning: C4017W: Encoder_L may be used before being set
linking...
Program Size: Code=22588 RO-data=6460 RW-data=388 ZI-data=2276  
FromELF: creating hex file...
"..\..\..\HEX_OUTPUT\STM32100E-EVAL.axf" - 0 Errors, 13 Warning(s).
Build target 'STM32F103C8'
compiling stm32f10x_it.c...
compiling main.c...
compiling stm32f10x_rcc.c...
compiling stm32f10x_gpio.c...
compiling misc.c...
compiling stm32f10x_usart.c...
compiling stm32f10x_exti.c...
compiling core_cm3.c...
compiling system_stm32f10x.c...
assembling startup_stm32f10x_hd_vl.s...
compiling usart1.c...
compiling delay.c...
compiling inv_mpu.c...
compiling inv_mpu_dmp_motion_driver.c...
compiling IOI2C.c...
compiling oled.c...
compiling timer.c...
..\..\..\drivers\TIMER\timer.c(265): warning:  #177-D: variable "IPRADDR" was declared but never referenced
compiling MPU6050.c...
compiling usart3.c...
compiling key.c...
compiling adc.c...
compiling filter.c...
compiling DataScope_DP.C...
..\..\..\drivers\DataScope_DP\DataScope_DP.C(66): warning:  #111-D: statement is unreachable
..\..\..\drivers\DataScope_DP\DataScope_DP.C(67): warning:  #111-D: statement is unreachable
..\..\..\drivers\DataScope_DP\DataScope_DP.C(68): warning:  #111-D: statement is unreachable
..\..\..\drivers\DataScope_DP\DataScope_DP.C(69): warning:  #111-D: statement is unreachable
..\..\..\drivers\DataScope_DP\DataScope_DP.C(70): warning:  #111-D: statement is unreachable
..\..\..\drivers\DataScope_DP\DataScope_DP.C(71): warning:  #111-D: statement is unreachable
..\..\..\drivers\DataScope_DP\DataScope_DP.C(72): warning:  #111-D: statement is unreachable
..\..\..\drivers\DataScope_DP\DataScope_DP.C(73): warning:  #111-D: statement is unreachable
..\..\..\drivers\DataScope_DP\DataScope_DP.C(74): warning:  #111-D: statement is unreachable
..\..\..\drivers\DataScope_DP\DataScope_DP.C(75): warning:  #111-D: statement is unreachable
compiling show.c...
compiling led.c...
compiling MiniBalance.c...
..\..\..\drivers\MiniBalance\MiniBalance.c(18): warning:  #177-D: variable "Count_Test" was declared but never referenced
..\..\..\drivers\MiniBalance\MiniBalance.c(171): warning: C4017W: Encoder_L may be used before being set
linking...
Program Size: Code=22588 RO-data=6460 RW-data=388 ZI-data=2276  
FromELF: creating hex file...
"..\..\..\HEX_OUTPUT\STM32100E-EVAL.axf" - 0 Errors, 13 Warning(s).
Build target 'STM32F103C8'
compiling main.c...
linking...
Program Size: Code=22588 RO-data=6460 RW-data=388 ZI-data=2276  
FromELF: creating hex file...
"..\..\..\HEX_OUTPUT\STM32100E-EVAL.axf" - 0 Errors, 0 Warning(s).
Build target 'STM32F103C8'
compiling main.c...
linking...
Program Size: Code=22588 RO-data=6460 RW-data=388 ZI-data=2276  
FromELF: creating hex file...
"..\..\..\HEX_OUTPUT\STM32100E-EVAL.axf" - 0 Errors, 0 Warning(s).
Build target 'STM32F103C8'
compiling main.c...
compiling filter.c...
linking...
Program Size: Code=22588 RO-data=6460 RW-data=388 ZI-data=2276  
FromELF: creating hex file...
"..\..\..\HEX_OUTPUT\STM32100E-EVAL.axf" - 0 Errors, 0 Warning(s).
Build target 'STM32F103C8'
compiling filter.c...
linking...
Program Size: Code=22588 RO-data=6460 RW-data=388 ZI-data=2276  
FromELF: creating hex file...
"..\..\..\HEX_OUTPUT\STM32100E-EVAL.axf" - 0 Errors, 0 Warning(s).
